# tracer: function_graph
#
# CPU  DURATION                  FUNCTION CALLS
# |     |   |                     |   |   |   |
 0)   1.102 us    |  mutex_unlock();
 0)   1.072 us    |  __x64_sys_dup2();
 0)   1.843 us    |  task_work_run();
 0)   0.161 us    |  blkcg_maybe_throttle_current();
 0)   0.722 us    |  __x64_sys_close();
 0)   0.631 us    |  __x64_sys_rt_sigaction();
 0) ! 227.878 us  |  __x64_sys_execve();
 0)   2.204 us    |  task_work_run();
 0)   0.151 us    |  blkcg_maybe_throttle_current();
 0)   0.330 us    |  switch_fpu_return();
 0)   0.330 us    |  lock_vma_under_rcu();
 0)   6.082 us    |  handle_mm_fault();
 0)   0.301 us    |  lock_vma_under_rcu();
 0)   4.568 us    |  handle_mm_fault();
 0)   0.310 us    |  lock_vma_under_rcu();
 0)   3.718 us    |  handle_mm_fault();
 0)   0.310 us    |  lock_vma_under_rcu();
 0)   3.327 us    |  handle_mm_fault();
 0)   0.321 us    |  lock_vma_under_rcu();
 0)   1.764 us    |  handle_mm_fault();
 0)   0.301 us    |  lock_vma_under_rcu();
 0)   5.299 us    |  handle_mm_fault();
 0)   0.301 us    |  lock_vma_under_rcu();
 0)   4.910 us    |  handle_mm_fault();
 0)   0.321 us    |  lock_vma_under_rcu();
 0)   8.486 us    |  handle_mm_fault();
 0)   0.361 us    |  lock_vma_under_rcu();
 0)   4.608 us    |  handle_mm_fault();
 0)   0.301 us    |  lock_vma_under_rcu();
 0)   4.679 us    |  handle_mm_fault();
 0)   0.301 us    |  lock_vma_under_rcu();
 0)   5.441 us    |  handle_mm_fault();
 0)   0.621 us    |  lock_vma_under_rcu();
 0)   2.956 us    |  handle_mm_fault();
 0)   0.290 us    |  __x64_sys_arch_prctl();
 0)   0.471 us    |  __x64_sys_set_tid_address();
 0)   0.381 us    |  lock_vma_under_rcu();
 0)   3.547 us    |  handle_mm_fault();
 0)   0.361 us    |  lock_vma_under_rcu();
 0)   4.779 us    |  handle_mm_fault();
 0)   0.370 us    |  lock_vma_under_rcu();
 0)   4.589 us    |  handle_mm_fault();
 0)   0.370 us    |  lock_vma_under_rcu();
 0)   4.207 us    |  handle_mm_fault();
 0)   0.370 us    |  __do_sys_getuid();
 0)   0.370 us    |  lock_vma_under_rcu();
 0)   4.739 us    |  handle_mm_fault();
 0)   0.320 us    |  lock_vma_under_rcu();
 0)   0.592 us    |  handle_mm_fault();
 0)   0.431 us    |  lock_mm_and_find_vma();
 0)   2.425 us    |  handle_mm_fault();
 0)   0.470 us    |  up_read();
 0)   0.381 us    |  lock_vma_under_rcu();
 0)   0.590 us    |  handle_mm_fault();
 0)   0.421 us    |  lock_mm_and_find_vma();
 0)   2.445 us    |  handle_mm_fault();
 0)   0.151 us    |  up_read();
 0)   0.370 us    |  lock_vma_under_rcu();
 0)   0.551 us    |  handle_mm_fault();
 0)   0.421 us    |  lock_mm_and_find_vma();
 0)   3.778 us    |  handle_mm_fault();
 0)   0.150 us    |  up_read();
 0)   0.371 us    |  lock_vma_under_rcu();
 0)   4.689 us    |  handle_mm_fault();
 0)   0.390 us    |  lock_vma_under_rcu();
 0)   2.113 us    |  handle_mm_fault();
 0)   2.194 us    |  __x64_sys_ioctl();
 0)   0.712 us    |  __x64_sys_ioctl();
 0)   0.371 us    |  __x64_sys_brk();
 0)   3.097 us    |  __x64_sys_brk();
 0)   5.621 us    |  __x64_sys_mmap();
 0)   0.401 us    |  lock_vma_under_rcu();
 0)   8.445 us    |  handle_mm_fault();
 0)   4.639 us    |  __x64_sys_mmap();
 0)   0.371 us    |  lock_vma_under_rcu();
 0)   4.989 us    |  handle_mm_fault();
 0)   4.248 us    |  __x64_sys_newlstat();
 0)   5.510 us    |  __x64_sys_open();
 0)   0.771 us    |  __x64_sys_fcntl();
 0)   4.959 us    |  __x64_sys_mmap();
 0)   0.381 us    |  lock_vma_under_rcu();
 0)   3.907 us    |  handle_mm_fault();
 0) + 63.650 us   |  __x64_sys_getdents64();
 0)   4.448 us    |  __x64_sys_newlstat();
 0)   3.907 us    |  __x64_sys_newlstat();
 0)   3.937 us    |  __x64_sys_newlstat();
 0)   4.108 us    |  __x64_sys_newlstat();
 0)   3.896 us    |  __x64_sys_newlstat();
 0)   4.017 us    |  __x64_sys_newlstat();
 0)   3.868 us    |  __x64_sys_newlstat();
 0)   4.037 us    |  __x64_sys_newlstat();
 0)   4.878 us    |  __x64_sys_newlstat();
 0)   4.168 us    |  __x64_sys_newlstat();
 0)   4.297 us    |  __x64_sys_newlstat();
 0)   3.898 us    |  __x64_sys_newlstat();
 0)   3.898 us    |  __x64_sys_newlstat();
 0)   3.848 us    |  __x64_sys_newlstat();
 0)   3.857 us    |  __x64_sys_newlstat();
 0)   3.887 us    |  __x64_sys_newlstat();
 0)   3.857 us    |  __x64_sys_newlstat();
 0)   3.898 us    |  __x64_sys_newlstat();
 0)   4.157 us    |  __x64_sys_newlstat();
 0)   4.187 us    |  __x64_sys_newlstat();
 0)   3.857 us    |  __x64_sys_newlstat();
 0)   3.847 us    |  __x64_sys_newlstat();
 0)   3.868 us    |  __x64_sys_newlstat();
 0)   4.639 us    |  __x64_sys_mmap();
 0)   0.391 us    |  lock_vma_under_rcu();
 0) + 31.790 us   |  handle_mm_fault();
 0)   4.228 us    |  __x64_sys_newlstat();
 0)   3.897 us    |  __x64_sys_newlstat();
 0)   3.867 us    |  __x64_sys_newlstat();
 0)   3.837 us    |  __x64_sys_newlstat();
 0)   3.877 us    |  __x64_sys_newlstat();
 0)   4.048 us    |  __x64_sys_newlstat();
 0)   3.867 us    |  __x64_sys_newlstat();
 0)   4.047 us    |  __x64_sys_newlstat();
 0)   3.887 us    |  __x64_sys_newlstat();
 0)   3.856 us    |  __x64_sys_newlstat();
 0)   4.068 us    |  __x64_sys_newlstat();
 0)   3.836 us    |  __x64_sys_newlstat();
 0)   4.097 us    |  __x64_sys_newlstat();
 0)   3.998 us    |  __x64_sys_newlstat();
 0)   4.168 us    |  __x64_sys_newlstat();
 0)   4.077 us    |  __x64_sys_newlstat();
 0)   3.957 us    |  __x64_sys_newlstat();
 0)   4.088 us    |  __x64_sys_newlstat();
 0)   3.867 us    |  __x64_sys_newlstat();
 0)   4.118 us    |  __x64_sys_newlstat();
 0)   3.937 us    |  __x64_sys_newlstat();
 0)   3.847 us    |  __x64_sys_newlstat();
 0)   3.847 us    |  __x64_sys_newlstat();
 0)   3.977 us    |  __x64_sys_newlstat();
 0)   4.619 us    |  __x64_sys_mmap();
 0)   0.391 us    |  lock_vma_under_rcu();
 0)   3.576 us    |  handle_mm_fault();
 0)   4.217 us    |  __x64_sys_newlstat();
 0)   4.248 us    |  __x64_sys_newlstat();
 0)   4.077 us    |  __x64_sys_newlstat();
 0)   4.068 us    |  __x64_sys_newlstat();
 0)   3.967 us    |  __x64_sys_newlstat();
 0)   3.908 us    |  __x64_sys_newlstat();
 0)   3.898 us    |  __x64_sys_newlstat();
 0)   4.108 us    |  __x64_sys_newlstat();
 0)   3.978 us    |  __x64_sys_newlstat();
 0)   4.058 us    |  __x64_sys_newlstat();
 0)   4.077 us    |  __x64_sys_newlstat();
 0)   4.018 us    |  __x64_sys_newlstat();
 0)   3.927 us    |  __x64_sys_newlstat();
 0)   4.317 us    |  __x64_sys_newlstat();
 0)   8.927 us    |  __x64_sys_newlstat();
 0)   4.428 us    |  __x64_sys_newlstat();
 0)   3.857 us    |  __x64_sys_newlstat();
 0)   4.348 us    |  __x64_sys_newlstat();
 0)   4.237 us    |  __x64_sys_newlstat();
 0)   3.998 us    |  __x64_sys_newlstat();
 0)   4.107 us    |  __x64_sys_newlstat();
 0)   3.777 us    |  __x64_sys_newlstat();
 0) + 59.461 us   |  __x64_sys_getdents64();
 0)   3.896 us    |  __x64_sys_newlstat();
 0)   4.148 us    |  __x64_sys_newlstat();
 0)   4.729 us    |  __x64_sys_mmap();
 0)   0.381 us    |  lock_vma_under_rcu();
 0)   3.666 us    |  handle_mm_fault();
 0)   4.469 us    |  __x64_sys_newlstat();
 0)   3.928 us    |  __x64_sys_newlstat();
 0)   3.737 us    |  __x64_sys_newlstat();
 0)   3.858 us    |  __x64_sys_newlstat();
 0)   3.847 us    |  __x64_sys_newlstat();
 0)   3.787 us    |  __x64_sys_newlstat();
 0)   4.079 us    |  __x64_sys_newlstat();
 0)   3.877 us    |  __x64_sys_newlstat();
 0)   3.858 us    |  __x64_sys_newlstat();
 0)   4.319 us    |  __x64_sys_newlstat();
 0)   3.958 us    |  __x64_sys_newlstat();
 0)   3.818 us    |  __x64_sys_newlstat();
 0)   3.857 us    |  __x64_sys_newlstat();
 0)   3.877 us    |  __x64_sys_newlstat();
 0)   3.867 us    |  __x64_sys_newlstat();
 0)   4.078 us    |  __x64_sys_newlstat();
 0)   4.048 us    |  __x64_sys_newlstat();
 0)   3.998 us    |  __x64_sys_newlstat();
 0)   4.107 us    |  __x64_sys_newlstat();
 0)   3.997 us    |  __x64_sys_newlstat();
 0)   3.867 us    |  __x64_sys_newlstat();
 0)   4.337 us    |  __x64_sys_newlstat();
 0)   4.007 us    |  __x64_sys_newlstat();
 0)   3.918 us    |  __x64_sys_newlstat();
 0)   4.068 us    |  __x64_sys_newlstat();
 0)   3.847 us    |  __x64_sys_newlstat();
 0)   3.867 us    |  __x64_sys_newlstat();
 0)   3.857 us    |  __x64_sys_newlstat();
 0)   3.858 us    |  __x64_sys_newlstat();
 0)   3.837 us    |  __x64_sys_newlstat();
 0)   3.847 us    |  __x64_sys_newlstat();
 0)   4.057 us    |  __x64_sys_newlstat();
 0)   4.168 us    |  __x64_sys_newlstat();
 0)   3.887 us    |  __x64_sys_newlstat();
 0)   3.837 us    |  __x64_sys_newlstat();
 0)   4.067 us    |  __x64_sys_newlstat();
 0) + 22.963 us   |  __x64_sys_mmap();
 0)   0.481 us    |  lock_vma_under_rcu();
 0)   4.589 us    |  handle_mm_fault();
 0)   4.238 us    |  __x64_sys_newlstat();
 0)   4.037 us    |  __x64_sys_newlstat();
 0)   3.877 us    |  __x64_sys_newlstat();
 0)   3.887 us    |  __x64_sys_newlstat();
 0)   4.139 us    |  __x64_sys_newlstat();
 0)   4.057 us    |  __x64_sys_newlstat();
 0)   3.977 us    |  __x64_sys_newlstat();
 0)   3.908 us    |  __x64_sys_newlstat();
 0)   3.877 us    |  __x64_sys_newlstat();
 0)   3.857 us    |  __x64_sys_newlstat();
 0)   3.877 us    |  __x64_sys_newlstat();
 0)   3.878 us    |  __x64_sys_newlstat();
 0)   3.856 us    |  __x64_sys_newlstat();
 0)   3.837 us    |  __x64_sys_newlstat();
 0)   4.318 us    |  __x64_sys_newlstat();
 0)   4.208 us    |  __x64_sys_newlstat();
 0)   3.837 us    |  __x64_sys_newlstat();
 0)   4.098 us    |  __x64_sys_newlstat();
 0)   4.729 us    |  __x64_sys_mmap();
 0)   0.371 us    |  lock_vma_under_rcu();
 0)   3.596 us    |  handle_mm_fault();
 0)   4.007 us    |  __x64_sys_newlstat();
 0)   4.408 us    |  __x64_sys_newlstat();
 0)   4.047 us    |  __x64_sys_newlstat();
 0)   3.856 us    |  __x64_sys_newlstat();
 0)   4.118 us    |  __x64_sys_newlstat();
 0)   3.948 us    |  __x64_sys_newlstat();
 0)   4.037 us    |  __x64_sys_newlstat();
 0)   3.858 us    |  __x64_sys_newlstat();
 0)   3.757 us    |  __x64_sys_newlstat();
 0)   4.117 us    |  __x64_sys_newlstat();
 0)   4.157 us    |  __x64_sys_newlstat();
 0) + 62.066 us   |  __x64_sys_getdents64();
 0)   4.037 us    |  __x64_sys_newlstat();
 0)   3.807 us    |  __x64_sys_newlstat();
 0)   3.787 us    |  __x64_sys_newlstat();
 0)   3.716 us    |  __x64_sys_newlstat();
 0)   3.928 us    |  __x64_sys_newlstat();
 0)   3.978 us    |  __x64_sys_newlstat();
 0)   3.777 us    |  __x64_sys_newlstat();
 0)   4.338 us    |  __x64_sys_newlstat();
 0)   4.068 us    |  __x64_sys_newlstat();
 0)   3.998 us    |  __x64_sys_newlstat();
 0)   3.796 us    |  __x64_sys_newlstat();
 0)   3.767 us    |  __x64_sys_newlstat();
 0)   3.876 us    |  __x64_sys_newlstat();
 0)   4.118 us    |  __x64_sys_newlstat();
 0)   3.997 us    |  __x64_sys_newlstat();
 0)   4.178 us    |  __x64_sys_newlstat();
 0)   3.796 us    |  __x64_sys_newlstat();
 0)   4.007 us    |  __x64_sys_newlstat();
 0)   3.777 us    |  __x64_sys_newlstat();
 0)   3.888 us    |  __x64_sys_newlstat();
 0)   3.807 us    |  __x64_sys_newlstat();
 0)   3.938 us    |  __x64_sys_newlstat();
 0)   4.368 us    |  __x64_sys_newlstat();
 0)   3.837 us    |  __x64_sys_newlstat();
 0)   3.796 us    |  __x64_sys_newlstat();
 0)   4.589 us    |  __x64_sys_mmap();
 0)   0.370 us    |  lock_vma_under_rcu();
 0)   3.547 us    |  handle_mm_fault();
 0)   4.188 us    |  __x64_sys_newlstat();
 0)   3.837 us    |  __x64_sys_newlstat();
 0)   3.787 us    |  __x64_sys_newlstat();
 0)   4.007 us    |  __x64_sys_newlstat();
 0)   3.907 us    |  __x64_sys_newlstat();
 0)   3.847 us    |  __x64_sys_newlstat();
 0)   3.807 us    |  __x64_sys_newlstat();
 0)   3.797 us    |  __x64_sys_newlstat();
 0)   3.816 us    |  __x64_sys_newlstat();
 0)   3.727 us    |  __x64_sys_newlstat();
 0)   3.927 us    |  __x64_sys_newlstat();
 0)   3.987 us    |  __x64_sys_newlstat();
 0)   3.797 us    |  __x64_sys_newlstat();
 0)   3.777 us    |  __x64_sys_newlstat();
 0)   3.987 us    |  __x64_sys_newlstat();
 0)   3.817 us    |  __x64_sys_newlstat();
 0)   3.697 us    |  __x64_sys_newlstat();
 0)   3.818 us    |  __x64_sys_newlstat();
 0)   4.538 us    |  __x64_sys_mmap();
 0)   0.361 us    |  lock_vma_under_rcu();
 0)   3.647 us    |  handle_mm_fault();
 0)   4.237 us    |  __x64_sys_newlstat();
 0)   4.248 us    |  __x64_sys_newlstat();
 0)   3.767 us    |  __x64_sys_newlstat();
 0)   4.338 us    |  __x64_sys_newlstat();
 0)   3.787 us    |  __x64_sys_newlstat();
 0)   3.997 us    |  __x64_sys_newlstat();
 0)   3.787 us    |  __x64_sys_newlstat();
 0)   3.908 us    |  __x64_sys_newlstat();
 0)   4.097 us    |  __x64_sys_newlstat();
 0)   3.988 us    |  __x64_sys_newlstat();
 0)   4.008 us    |  __x64_sys_newlstat();
 0)   3.796 us    |  __x64_sys_newlstat();
 0)   3.777 us    |  __x64_sys_newlstat();
 0)   3.908 us    |  __x64_sys_newlstat();
 0)   4.107 us    |  __x64_sys_newlstat();
 0)   3.928 us    |  __x64_sys_newlstat();
 0)   3.787 us    |  __x64_sys_newlstat();
 0)   3.787 us    |  __x64_sys_newlstat();
 0)   3.877 us    |  __x64_sys_newlstat();
 0)   4.228 us    |  __x64_sys_newlstat();
 0)   3.908 us    |  __x64_sys_newlstat();
 0)   3.867 us    |  __x64_sys_newlstat();
 0)   3.928 us    |  __x64_sys_newlstat();
 0)   3.868 us    |  __x64_sys_newlstat();
 0)   3.717 us    |  __x64_sys_newlstat();
 0) + 58.520 us   |  __x64_sys_getdents64();
 0)   3.918 us    |  __x64_sys_newlstat();
 0)   3.837 us    |  __x64_sys_newlstat();
 0)   4.087 us    |  __x64_sys_newlstat();
 0)   3.788 us    |  __x64_sys_newlstat();
 0)   3.707 us    |  __x64_sys_newlstat();
 0)   3.796 us    |  __x64_sys_newlstat();
 0)   3.787 us    |  __x64_sys_newlstat();
 0)   3.897 us    |  __x64_sys_newlstat();
 0)   3.787 us    |  __x64_sys_newlstat();
 0)   3.707 us    |  __x64_sys_newlstat();
 0)   3.998 us    |  __x64_sys_newlstat();
 0)   4.579 us    |  __x64_sys_mmap();
 0)   0.361 us    |  lock_vma_under_rcu();
 0)   3.526 us    |  handle_mm_fault();
 0)   8.236 us    |  __x64_sys_newlstat();
 0)   3.918 us    |  __x64_sys_newlstat();
 0)   4.058 us    |  __x64_sys_newlstat();
 0)   3.988 us    |  __x64_sys_newlstat();
 0)   3.767 us    |  __x64_sys_newlstat();
 0)   3.797 us    |  __x64_sys_newlstat();
 0)   3.707 us    |  __x64_sys_newlstat();
 0)   3.787 us    |  __x64_sys_newlstat();
 0)   4.368 us    |  __x64_sys_newlstat();
 0)   4.048 us    |  __x64_sys_newlstat();
 0)   3.807 us    |  __x64_sys_newlstat();
 0)   3.917 us    |  __x64_sys_newlstat();
 0)   3.908 us    |  __x64_sys_newlstat();
 0)   3.958 us    |  __x64_sys_newlstat();
 0)   3.867 us    |  __x64_sys_newlstat();
 0)   3.707 us    |  __x64_sys_newlstat();
 0)   3.767 us    |  __x64_sys_newlstat();
 0)   4.088 us    |  __x64_sys_newlstat();
 0)   4.057 us    |  __x64_sys_newlstat();
 0)   3.897 us    |  __x64_sys_newlstat();
 0)   3.977 us    |  __x64_sys_newlstat();
 0)   3.988 us    |  __x64_sys_newlstat();
 0)   3.788 us    |  __x64_sys_newlstat();
 0)   4.018 us    |  __x64_sys_newlstat();
 0)   3.807 us    |  __x64_sys_newlstat();
 0)   3.767 us    |  __x64_sys_newlstat();
 0)   3.798 us    |  __x64_sys_newlstat();
 0)   4.007 us    |  __x64_sys_newlstat();
 0)   4.177 us    |  __x64_sys_newlstat();
 0)   3.907 us    |  __x64_sys_newlstat();
 0)   3.777 us    |  __x64_sys_newlstat();
 0)   3.798 us    |  __x64_sys_newlstat();
 0)   3.947 us    |  __x64_sys_newlstat();
 0)   4.067 us    |  __x64_sys_newlstat();
 0)   3.777 us    |  __x64_sys_newlstat();
 0)   3.836 us    |  __x64_sys_newlstat();
 0)   0.392 us    |  lock_vma_under_rcu();
 0)   3.607 us    |  handle_mm_fault();
 0)   4.108 us    |  __x64_sys_newlstat();
 0)   3.837 us    |  __x64_sys_newlstat();
 0)   3.798 us    |  __x64_sys_newlstat();
 0)   3.807 us    |  __x64_sys_newlstat();
 0)   3.907 us    |  __x64_sys_newlstat();
 0)   3.948 us    |  __x64_sys_newlstat();
 0)   3.776 us    |  __x64_sys_newlstat();
 0)   3.777 us    |  __x64_sys_newlstat();
 0)   3.798 us    |  __x64_sys_newlstat();
 0)   3.818 us    |  __x64_sys_newlstat();
 0)   3.687 us    |  __x64_sys_newlstat();
 0)   3.837 us    |  __x64_sys_newlstat();
 0)   4.128 us    |  __x64_sys_newlstat();
 0)   3.767 us    |  __x64_sys_newlstat();
 0)   3.787 us    |  __x64_sys_newlstat();
 0)   3.917 us    |  __x64_sys_newlstat();
 0)   3.957 us    |  __x64_sys_newlstat();
 0)   3.977 us    |  __x64_sys_newlstat();
 0)   4.568 us    |  __x64_sys_mmap();
 0)   0.381 us    |  lock_vma_under_rcu();
 0)   3.596 us    |  handle_mm_fault();
 0)   3.936 us    |  __x64_sys_newlstat();
 0)   4.058 us    |  __x64_sys_newlstat();
 0)   3.927 us    |  __x64_sys_newlstat();
 0)   4.278 us    |  __x64_sys_newlstat();
 0)   3.808 us    |  __x64_sys_newlstat();
 0) + 43.121 us   |  __x64_sys_getdents64();
 0)   3.918 us    |  __x64_sys_newlstat();
 0)   3.827 us    |  __x64_sys_newlstat();
 0)   3.927 us    |  __x64_sys_newlstat();
 0)   3.807 us    |  __x64_sys_newlstat();
 0)   3.788 us    |  __x64_sys_newlstat();
 0)   3.787 us    |  __x64_sys_newlstat();
 0)   3.776 us    |  __x64_sys_newlstat();
 0)   3.927 us    |  __x64_sys_newlstat();
 0)   3.827 us    |  __x64_sys_newlstat();
 0)   3.937 us    |  __x64_sys_newlstat();
 0)   3.767 us    |  __x64_sys_newlstat();
 0)   3.778 us    |  __x64_sys_newlstat();
 0)   3.908 us    |  __x64_sys_newlstat();
 0)   3.817 us    |  __x64_sys_newlstat();
 0)   3.767 us    |  __x64_sys_newlstat();
 0)   3.747 us    |  __x64_sys_newlstat();
 0)   3.776 us    |  __x64_sys_newlstat();
 0)   3.787 us    |  __x64_sys_newlstat();
 0)   3.858 us    |  __x64_sys_newlstat();
 0)   3.927 us    |  __x64_sys_newlstat();
 0)   3.857 us    |  __x64_sys_newlstat();
 0)   3.968 us    |  __x64_sys_newlstat();
 0)   4.017 us    |  __x64_sys_newlstat();
 0)   3.787 us    |  __x64_sys_newlstat();
 0)   3.776 us    |  __x64_sys_newlstat();
 0)   3.987 us    |  __x64_sys_newlstat();
 0)   4.048 us    |  __x64_sys_newlstat();
 0)   3.817 us    |  __x64_sys_newlstat();
 0)   3.798 us    |  __x64_sys_newlstat();
 0)   3.798 us    |  __x64_sys_newlstat();
 0)   4.067 us    |  __x64_sys_newlstat();
 0)   0.401 us    |  lock_vma_under_rcu();
 0)   3.697 us    |  handle_mm_fault();
 0)   3.707 us    |  __x64_sys_newlstat();
 0)   3.727 us    |  __x64_sys_newlstat();
 0)   3.907 us    |  __x64_sys_newlstat();
 0)   3.798 us    |  __x64_sys_newlstat();
 0)   3.737 us    |  __x64_sys_newlstat();
 0)   1.273 us    |  __x64_sys_getdents64();
 0)   2.916 us    |  __x64_sys_close();
 0) + 14.527 us   |  __x64_sys_munmap();
 0)   6.713 us    |  __x64_sys_mmap();
 0)   0.420 us    |  lock_vma_under_rcu();
 0)   3.616 us    |  handle_mm_fault();
 0)   0.721 us    |  __x64_sys_ioctl();
 0)   2.044 us    |  __x64_sys_writev();
 0)   5.239 us    |  __x64_sys_readlink();
 0)   9.147 us    |  __x64_sys_open();
 0)   6.833 us    |  __x64_sys_open();
 0)   6.843 us    |  __x64_sys_open();
 0)   4.458 us    |  __x64_sys_readlink();
 0)   4.308 us    |  __x64_sys_readlink();
 0)   4.359 us    |  __x64_sys_readlink();
 0)   4.277 us    |  __x64_sys_readlink();
 0)   4.368 us    |  __x64_sys_readlink();
 0)   4.319 us    |  __x64_sys_readlink();
 0)   4.328 us    |  __x64_sys_readlink();
 0)   4.228 us    |  __x64_sys_readlink();
 0)   4.308 us    |  __x64_sys_readlink();
 0)   4.219 us    |  __x64_sys_readlink();
 0)   4.308 us    |  __x64_sys_readlink();
 0)   4.279 us    |  __x64_sys_readlink();
 0)   0.962 us    |  __x64_sys_writev();
 0)   4.318 us    |  __x64_sys_readlink();
 0)   4.538 us    |  __x64_sys_readlink();
 0)   4.228 us    |  __x64_sys_readlink();
 0)   4.218 us    |  __x64_sys_readlink();
 0)   6.672 us    |  __x64_sys_open();
 0)   6.602 us    |  __x64_sys_open();
 0)   4.559 us    |  __x64_sys_readlink();
 0)   4.378 us    |  __x64_sys_readlink();
 0)   4.248 us    |  __x64_sys_readlink();
 0)   4.219 us    |  __x64_sys_readlink();
 0)   4.208 us    |  __x64_sys_readlink();
 0)   4.248 us    |  __x64_sys_readlink();
 0)   4.319 us    |  __x64_sys_readlink();
 0)   4.218 us    |  __x64_sys_readlink();
 0)   0.902 us    |  __x64_sys_writev();
 0)   4.359 us    |  __x64_sys_readlink();
 0)   4.337 us    |  __x64_sys_readlink();
 0)   4.469 us    |  __x64_sys_readlink();
 0)   4.238 us    |  __x64_sys_readlink();
 0)   4.348 us    |  __x64_sys_readlink();
 0)   4.328 us    |  __x64_sys_readlink();
 0)   4.227 us    |  __x64_sys_readlink();
 0)   4.348 us    |  __x64_sys_readlink();
 0)   4.147 us    |  __x64_sys_readlink();
 0)   4.357 us    |  __x64_sys_readlink();
 0)   4.337 us    |  __x64_sys_readlink();
 0)   4.228 us    |  __x64_sys_readlink();
 0)   4.419 us    |  __x64_sys_readlink();
 0)   0.862 us    |  __x64_sys_writev();
 0)   4.388 us    |  __x64_sys_readlink();
 0)   4.238 us    |  __x64_sys_readlink();
 0)   4.228 us    |  __x64_sys_readlink();
 0)   4.608 us    |  __x64_sys_readlink();
 0)   4.378 us    |  __x64_sys_readlink();
 0)   4.219 us    |  __x64_sys_readlink();
 0)   4.298 us    |  __x64_sys_readlink();
 0)   4.518 us    |  __x64_sys_readlink();
 0)   4.228 us    |  __x64_sys_readlink();
 0)   4.319 us    |  __x64_sys_readlink();
 0)   4.218 us    |  __x64_sys_readlink();
 0)   4.448 us    |  __x64_sys_readlink();
 0)   4.228 us    |  __x64_sys_readlink();
 0)   0.872 us    |  __x64_sys_writev();
 0)   4.308 us    |  __x64_sys_readlink();
 0)   4.197 us    |  __x64_sys_readlink();
 0)   4.268 us    |  __x64_sys_readlink();
 0)   4.288 us    |  __x64_sys_readlink();
 0)   4.317 us    |  __x64_sys_readlink();
 0)   4.228 us    |  __x64_sys_readlink();
 0)   4.359 us    |  __x64_sys_readlink();
 0)   4.228 us    |  __x64_sys_readlink();
 0)   4.208 us    |  __x64_sys_readlink();
 0)   4.237 us    |  __x64_sys_readlink();
 0)   4.328 us    |  __x64_sys_readlink();
 0)   4.338 us    |  __x64_sys_readlink();
 0)   4.309 us    |  __x64_sys_readlink();
 0)   0.871 us    |  __x64_sys_writev();
 0)   8.837 us    |  __x64_sys_readlink();
 0)   4.388 us    |  __x64_sys_readlink();
 0)   4.319 us    |  __x64_sys_readlink();
 0)   4.228 us    |  __x64_sys_readlink();
 0)   4.328 us    |  __x64_sys_readlink();
 0)   4.218 us    |  __x64_sys_readlink();
 0)   4.219 us    |  __x64_sys_readlink();
 0)   4.318 us    |  __x64_sys_readlink();
 0)   4.308 us    |  __x64_sys_readlink();
 0)   4.119 us    |  __x64_sys_readlink();
 0)   4.208 us    |  __x64_sys_readlink();
 0)   4.199 us    |  __x64_sys_readlink();
 0)   0.901 us    |  __x64_sys_writev();
 0)   4.218 us    |  __x64_sys_readlink();
 0)   4.258 us    |  __x64_sys_readlink();
 0)   4.319 us    |  __x64_sys_readlink();
 0)   4.228 us    |  __x64_sys_readlink();
 0)   4.318 us    |  __x64_sys_readlink();
 0)   4.288 us    |  __x64_sys_readlink();
 0)   4.308 us    |  __x64_sys_readlink();
 0)   4.248 us    |  __x64_sys_readlink();
 0)   4.257 us    |  __x64_sys_readlink();
 0)   4.117 us    |  __x64_sys_readlink();
 0)   4.217 us    |  __x64_sys_readlink();
 0)   4.208 us    |  __x64_sys_readlink();
 0)   4.217 us    |  __x64_sys_readlink();
 0)   0.882 us    |  __x64_sys_writev();
 0)   4.508 us    |  __x64_sys_readlink();
 0)   4.168 us    |  __x64_sys_readlink();
 0)   4.337 us    |  __x64_sys_readlink();
 0)   4.198 us    |  __x64_sys_readlink();
 0)   4.308 us    |  __x64_sys_readlink();
 0)   4.138 us    |  __x64_sys_readlink();
 0)   4.208 us    |  __x64_sys_readlink();
 0)   4.198 us    |  __x64_sys_readlink();
 0)   4.217 us    |  __x64_sys_readlink();
 0)   4.118 us    |  __x64_sys_readlink();
 0)   4.328 us    |  __x64_sys_readlink();
 0)   4.158 us    |  __x64_sys_readlink();
 0)   4.117 us    |  __x64_sys_readlink();
 0)   0.871 us    |  __x64_sys_writev();
 0)   4.228 us    |  __x64_sys_readlink();
 0)   4.238 us    |  __x64_sys_readlink();
 0)   4.138 us    |  __x64_sys_readlink();
 0)   4.217 us    |  __x64_sys_readlink();
 0)   4.217 us    |  __x64_sys_readlink();
 0)   4.217 us    |  __x64_sys_readlink();
 0)   4.289 us    |  __x64_sys_readlink();
 0)   4.238 us    |  __x64_sys_readlink();
 0)   4.357 us    |  __x64_sys_readlink();
 0)   4.358 us    |  __x64_sys_readlink();
 0)   4.318 us    |  __x64_sys_readlink();
 0)   4.318 us    |  __x64_sys_readlink();
 0)   4.138 us    |  __x64_sys_readlink();
 0)   0.882 us    |  __x64_sys_writev();
 0)   0.361 us    |  irq_enter_rcu();
 0)   5.942 us    |  __sysvec_apic_timer_interrupt();
 0)   7.164 us    |  irq_exit_rcu();
 0) + 13.795 us   |  schedule();
 0)   0.190 us    |  switch_fpu_return();
 0)   4.409 us    |  __x64_sys_readlink();
 0)   4.439 us    |  __x64_sys_readlink();
 0)   4.279 us    |  __x64_sys_readlink();
 0)   4.248 us    |  __x64_sys_readlink();
 0)   4.218 us    |  __x64_sys_readlink();
 0)   4.308 us    |  __x64_sys_readlink();
 0)   4.138 us    |  __x64_sys_readlink();
 0)   4.188 us    |  __x64_sys_readlink();
 0)   4.219 us    |  __x64_sys_readlink();
 0)   4.297 us    |  __x64_sys_readlink();
 0)   4.218 us    |  __x64_sys_readlink();
 0)   4.318 us    |  __x64_sys_readlink();
 0)   0.901 us    |  __x64_sys_writev();
 0)   4.238 us    |  __x64_sys_readlink();
 0)   4.248 us    |  __x64_sys_readlink();
 0)   4.178 us    |  __x64_sys_readlink();
 0)   4.288 us    |  __x64_sys_readlink();
 0)   4.228 us    |  __x64_sys_readlink();
 0)   4.239 us    |  __x64_sys_readlink();
 0)   4.268 us    |  __x64_sys_readlink();
 0)   4.208 us    |  __x64_sys_readlink();
 0)   4.137 us    |  __x64_sys_readlink();
 0)   4.228 us    |  __x64_sys_readlink();
 0)   4.217 us    |  __x64_sys_readlink();
 0)   4.238 us    |  __x64_sys_readlink();
 0)   4.268 us    |  __x64_sys_readlink();
 0)   0.901 us    |  __x64_sys_writev();
 0)   4.528 us    |  __x64_sys_readlink();
 0)   4.257 us    |  __x64_sys_readlink();
 0)   4.108 us    |  __x64_sys_readlink();
 0)   4.268 us    |  __x64_sys_readlink();
 0)   4.228 us    |  __x64_sys_readlink();
 0)   4.127 us    |  __x64_sys_readlink();
 0)   4.288 us    |  __x64_sys_readlink();
 0)   4.248 us    |  __x64_sys_readlink();
 0)   4.218 us    |  __x64_sys_readlink();
 0)   4.317 us    |  __x64_sys_readlink();
 0)   4.208 us    |  __x64_sys_readlink();
 0)   4.640 us    |  __x64_sys_readlink();
 0)   4.198 us    |  __x64_sys_readlink();
 0)   0.882 us    |  __x64_sys_writev();
 0)   4.288 us    |  __x64_sys_readlink();
 0)   4.309 us    |  __x64_sys_readlink();
 0)   4.148 us    |  __x64_sys_readlink();
 0)   4.108 us    |  __x64_sys_readlink();
 0)   4.358 us    |  __x64_sys_readlink();
 0)   4.208 us    |  __x64_sys_readlink();
 0)   4.259 us    |  __x64_sys_readlink();
 0)   4.148 us    |  __x64_sys_readlink();
 0)   4.459 us    |  __x64_sys_readlink();
 0)   4.248 us    |  __x64_sys_readlink();
 0)   4.288 us    |  __x64_sys_readlink();
 0)   0.882 us    |  __x64_sys_writev();
 0)   4.268 us    |  __x64_sys_readlink();
 0)   4.199 us    |  __x64_sys_readlink();
 0)   4.248 us    |  __x64_sys_readlink();
 0)   4.217 us    |  __x64_sys_readlink();
 0)   4.238 us    |  __x64_sys_readlink();
 0)   4.178 us    |  __x64_sys_readlink();
 0)   4.158 us    |  __x64_sys_readlink();
 0)   4.147 us    |  __x64_sys_readlink();
 0)   4.218 us    |  __x64_sys_readlink();
 0)   4.258 us    |  __x64_sys_readlink();
 0)   4.157 us    |  __x64_sys_readlink();
 0)   4.228 us    |  __x64_sys_readlink();
 0)   4.239 us    |  __x64_sys_readlink();
 0)   0.881 us    |  __x64_sys_writev();
 0)   4.167 us    |  __x64_sys_readlink();
 0)   4.248 us    |  __x64_sys_readlink();
 0)   4.219 us    |  __x64_sys_readlink();
 0)   4.198 us    |  __x64_sys_readlink();
 0)   4.199 us    |  __x64_sys_readlink();
 0)   4.248 us    |  __x64_sys_readlink();
 0)   4.227 us    |  __x64_sys_readlink();
 0)   4.127 us    |  __x64_sys_readlink();
 0)   4.217 us    |  __x64_sys_readlink();
 0)   4.508 us    |  __x64_sys_readlink();
 0)   4.268 us    |  __x64_sys_readlink();
 0)   4.239 us    |  __x64_sys_readlink();
 0)   4.258 us    |  __x64_sys_readlink();
 0)   0.882 us    |  __x64_sys_writev();
 0)   4.127 us    |  __x64_sys_readlink();
 0)   4.238 us    |  __x64_sys_readlink();
 0)   4.148 us    |  __x64_sys_readlink();
 0)   4.308 us    |  __x64_sys_readlink();
 0)   4.148 us    |  __x64_sys_readlink();
 0)   4.237 us    |  __x64_sys_readlink();
 0)   4.218 us    |  __x64_sys_readlink();
 0)   4.137 us    |  __x64_sys_readlink();
 0)   4.148 us    |  __x64_sys_readlink();
 0)   4.228 us    |  __x64_sys_readlink();
 0)   4.208 us    |  __x64_sys_readlink();
 0)   4.258 us    |  __x64_sys_readlink();
 0)   4.338 us    |  __x64_sys_readlink();
 0)   0.882 us    |  __x64_sys_writev();
 0)   4.248 us    |  __x64_sys_readlink();
 0)   4.148 us    |  __x64_sys_readlink();
 0)   4.218 us    |  __x64_sys_readlink();
 0)   4.217 us    |  __x64_sys_readlink();
 0)   4.207 us    |  __x64_sys_readlink();
 0)   4.228 us    |  __x64_sys_readlink();
 0)   4.248 us    |  __x64_sys_readlink();
 0)   4.299 us    |  __x64_sys_readlink();
 0)   4.569 us    |  __x64_sys_readlink();
 0)   4.469 us    |  __x64_sys_readlink();
 0)   5.029 us    |  __x64_sys_readlink();
 0)   4.789 us    |  __x64_sys_readlink();
 0)   4.257 us    |  __x64_sys_readlink();
 0)   0.881 us    |  __x64_sys_writev();
 0)   4.248 us    |  __x64_sys_readlink();
 0)   4.268 us    |  __x64_sys_readlink();
 0)   4.248 us    |  __x64_sys_readlink();
 0)   4.227 us    |  __x64_sys_readlink();
 0)   4.228 us    |  __x64_sys_readlink();
 0)   4.248 us    |  __x64_sys_readlink();
 0)   4.228 us    |  __x64_sys_readlink();
 0)   4.218 us    |  __x64_sys_readlink();
 0)   4.248 us    |  __x64_sys_readlink();
 0)   4.208 us    |  __x64_sys_readlink();
 0)   4.258 us    |  __x64_sys_readlink();
 0)   4.157 us    |  __x64_sys_readlink();
 0)   4.158 us    |  __x64_sys_readlink();
 0)   0.871 us    |  __x64_sys_writev();
 0)   4.288 us    |  __x64_sys_readlink();
 0)   8.015 us    |  __x64_sys_readlink();
 0)   4.279 us    |  __x64_sys_readlink();
 0)   4.228 us    |  __x64_sys_readlink();
 0)   4.148 us    |  __x64_sys_readlink();
 0)   4.258 us    |  __x64_sys_readlink();
 0)   4.128 us    |  __x64_sys_readlink();
 0)   4.147 us    |  __x64_sys_readlink();
 0)   4.198 us    |  __x64_sys_readlink();
 0)   4.119 us    |  __x64_sys_readlink();
 0)   4.238 us    |  __x64_sys_readlink();
 0)   4.137 us    |  __x64_sys_readlink();
 0)   0.882 us    |  __x64_sys_writev();
 0)   4.219 us    |  __x64_sys_readlink();
 0)   4.158 us    |  __x64_sys_readlink();
 0)   4.108 us    |  __x64_sys_readlink();
 0)   4.198 us    |  __x64_sys_readlink();
 0)   4.137 us    |  __x64_sys_readlink();
 0)   4.217 us    |  __x64_sys_readlink();
 0)   4.238 us    |  __x64_sys_readlink();
 0)   4.207 us    |  __x64_sys_readlink();
 0)   4.558 us    |  __x64_sys_readlink();
 0)   4.268 us    |  __x64_sys_readlink();
 0)   4.228 us    |  __x64_sys_readlink();
 0)   4.148 us    |  __x64_sys_readlink();
 0)   4.178 us    |  __x64_sys_readlink();
 0)   0.882 us    |  __x64_sys_writev();
 0)   4.157 us    |  __x64_sys_readlink();
 0)   4.238 us    |  __x64_sys_readlink();
 0)   4.268 us    |  __x64_sys_readlink();
 0)   4.148 us    |  __x64_sys_readlink();
 0)   4.348 us    |  __x64_sys_readlink();
 0)   4.309 us    |  __x64_sys_readlink();
 0)   4.328 us    |  __x64_sys_readlink();
 0)   4.319 us    |  __x64_sys_readlink();
 0)   4.258 us    |  __x64_sys_readlink();
 0)   4.308 us    |  __x64_sys_readlink();
 0)   4.268 us    |  __x64_sys_readlink();
 0)   4.279 us    |  __x64_sys_readlink();
 0)   4.228 us    |  __x64_sys_readlink();
 0)   0.882 us    |  __x64_sys_writev();
 0)   4.228 us    |  __x64_sys_readlink();
 0)   4.218 us    |  __x64_sys_readlink();
 0)   4.159 us    |  __x64_sys_readlink();
 0)   4.148 us    |  __x64_sys_readlink();
 0)   4.259 us    |  __x64_sys_readlink();
 0)   4.449 us    |  __x64_sys_readlink();
 0)   4.749 us    |  __x64_sys_readlink();
 0)   5.120 us    |  __x64_sys_readlink();
 0)   4.157 us    |  __x64_sys_readlink();
 0)   4.227 us    |  __x64_sys_readlink();
 0)   4.218 us    |  __x64_sys_readlink();
 0)   4.208 us    |  __x64_sys_readlink();
 0)   4.107 us    |  __x64_sys_readlink();
 0)   0.891 us    |  __x64_sys_writev();
 0)   4.228 us    |  __x64_sys_readlink();
 0)   4.228 us    |  __x64_sys_readlink();
 0)   4.138 us    |  __x64_sys_readlink();
 0)   4.218 us    |  __x64_sys_readlink();
 0)   4.119 us    |  __x64_sys_readlink();
 0)   4.198 us    |  __x64_sys_readlink();
 0)   4.257 us    |  __x64_sys_readlink();
 0)   4.208 us    |  __x64_sys_readlink();
 0)   4.219 us    |  __x64_sys_readlink();
 0)   4.238 us    |  __x64_sys_readlink();
 0)   4.117 us    |  __x64_sys_readlink();
 0)   4.197 us    |  __x64_sys_readlink();
 0)   4.128 us    |  __x64_sys_readlink();
 0)   0.892 us    |  __x64_sys_writev();
 0)   4.228 us    |  __x64_sys_readlink();
 0)   4.237 us    |  __x64_sys_readlink();
 0)   4.198 us    |  __x64_sys_readlink();
 0)   4.439 us    |  __x64_sys_readlink();
 0)   4.128 us    |  __x64_sys_readlink();
 0)   4.108 us    |  __x64_sys_readlink();
 0)   4.218 us    |  __x64_sys_readlink();
 0)   4.188 us    |  __x64_sys_readlink();
 0)   4.238 us    |  __x64_sys_readlink();
 0)   4.177 us    |  __x64_sys_readlink();
 0)   4.108 us    |  __x64_sys_readlink();
 0)   4.208 us    |  __x64_sys_readlink();
 0)   9.759 us    |  __x64_sys_munmap();
 0)   7.033 us    |  __x64_sys_munmap();
 0)   8.015 us    |  __x64_sys_munmap();
 0)   6.693 us    |  __x64_sys_munmap();
 0)   6.803 us    |  __x64_sys_munmap();
 0)   6.732 us    |  __x64_sys_munmap();
 0)   6.502 us    |  __x64_sys_munmap();
 0)   8.506 us    |  __x64_sys_munmap();
 0)   6.593 us    |  __x64_sys_munmap();
 0)   0.992 us    |  __x64_sys_writev();
 0)               |  __x64_sys_exit_group() {
